# merge keys: resourceType	path	keys
mergeKey	*	metadata.ownerReferences	uid
mergeKey	actions.github.com/v1alpha1/AutoscalingListener	spec.template.spec.containers	name
mergeKey	actions.github.com/v1alpha1/AutoscalingListener	spec.template.spec.containers.*.env	name
mergeKey	actions.github.com/v1alpha1/AutoscalingListener	spec.template.spec.containers.*.ports	containerPort,protocol
mergeKey	actions.github.com/v1alpha1/AutoscalingListener	spec.template.spec.containers.*.volumeDevices	devicePath
mergeKey	actions.github.com/v1alpha1/AutoscalingListener	spec.template.spec.containers.*.volumeMounts	mountPath
mergeKey	actions.github.com/v1alpha1/AutoscalingListener	spec.template.spec.ephemeralContainers	name
mergeKey	actions.github.com/v1alpha1/AutoscalingListener	spec.template.spec.ephemeralContainers.*.env	name
mergeKey	actions.github.com/v1alpha1/AutoscalingListener	spec.template.spec.ephemeralContainers.*.ports	containerPort,protocol
mergeKey	actions.github.com/v1alpha1/AutoscalingListener	spec.template.spec.ephemeralContainers.*.volumeDevices	devicePath
mergeKey	actions.github.com/v1alpha1/AutoscalingListener	spec.template.spec.ephemeralContainers.*.volumeMounts	mountPath
mergeKey	actions.github.com/v1alpha1/AutoscalingListener	spec.template.spec.hostAliases	ip
mergeKey	actions.github.com/v1alpha1/AutoscalingListener	spec.template.spec.imagePullSecrets	name
mergeKey	actions.github.com/v1alpha1/AutoscalingListener	spec.template.spec.initContainers	name
mergeKey	actions.github.com/v1alpha1/AutoscalingListener	spec.template.spec.initContainers.*.env	name
mergeKey	actions.github.com/v1alpha1/AutoscalingListener	spec.template.spec.initContainers.*.ports	containerPort,protocol
mergeKey	actions.github.com/v1alpha1/AutoscalingListener	spec.template.spec.initContainers.*.volumeDevices	devicePath
mergeKey	actions.github.com/v1alpha1/AutoscalingListener	spec.template.spec.initContainers.*.volumeMounts	mountPath
mergeKey	actions.github.com/v1alpha1/AutoscalingListener	spec.template.spec.resourceClaims	name
mergeKey	actions.github.com/v1alpha1/AutoscalingListener	spec.template.spec.schedulingGates	name
mergeKey	actions.github.com/v1alpha1/AutoscalingListener	spec.template.spec.topologySpreadConstraints	topologyKey,whenUnsatisfiable
mergeKey	actions.github.com/v1alpha1/AutoscalingListener	spec.template.spec.volumes	name
mergeKey	actions.github.com/v1alpha1/AutoscalingRunnerSet	spec.listenerTemplate.spec.containers	name
mergeKey	actions.github.com/v1alpha1/AutoscalingRunnerSet	spec.listenerTemplate.spec.containers.*.env	name
mergeKey	actions.github.com/v1alpha1/AutoscalingRunnerSet	spec.listenerTemplate.spec.containers.*.ports	containerPort,protocol
mergeKey	actions.github.com/v1alpha1/AutoscalingRunnerSet	spec.listenerTemplate.spec.containers.*.volumeDevices	devicePath
mergeKey	actions.github.com/v1alpha1/AutoscalingRunnerSet	spec.listenerTemplate.spec.containers.*.volumeMounts	mountPath
mergeKey	actions.github.com/v1alpha1/AutoscalingRunnerSet	spec.listenerTemplate.spec.ephemeralContainers	name
mergeKey	actions.github.com/v1alpha1/AutoscalingRunnerSet	spec.listenerTemplate.spec.ephemeralContainers.*.env	name
mergeKey	actions.github.com/v1alpha1/AutoscalingRunnerSet	spec.listenerTemplate.spec.ephemeralContainers.*.ports	containerPort,protocol
mergeKey	actions.github.com/v1alpha1/AutoscalingRunnerSet	spec.listenerTemplate.spec.ephemeralContainers.*.volumeDevices	devicePath
mergeKey	actions.github.com/v1alpha1/AutoscalingRunnerSet	spec.listenerTemplate.spec.ephemeralContainers.*.volumeMounts	mountPath
mergeKey	actions.github.com/v1alpha1/AutoscalingRunnerSet	spec.listenerTemplate.spec.hostAliases	ip
mergeKey	actions.github.com/v1alpha1/AutoscalingRunnerSet	spec.listenerTemplate.spec.imagePullSecrets	name
mergeKey	actions.github.com/v1alpha1/AutoscalingRunnerSet	spec.listenerTemplate.spec.initContainers	name
mergeKey	actions.github.com/v1alpha1/AutoscalingRunnerSet	spec.listenerTemplate.spec.initContainers.*.env	name
mergeKey	actions.github.com/v1alpha1/AutoscalingRunnerSet	spec.listenerTemplate.spec.initContainers.*.ports	containerPort,protocol
mergeKey	actions.github.com/v1alpha1/AutoscalingRunnerSet	spec.listenerTemplate.spec.initContainers.*.volumeDevices	devicePath
mergeKey	actions.github.com/v1alpha1/AutoscalingRunnerSet	spec.listenerTemplate.spec.initContainers.*.volumeMounts	mountPath
mergeKey	actions.github.com/v1alpha1/AutoscalingRunnerSet	spec.listenerTemplate.spec.resourceClaims	name
mergeKey	actions.github.com/v1alpha1/AutoscalingRunnerSet	spec.listenerTemplate.spec.schedulingGates	name
mergeKey	actions.github.com/v1alpha1/AutoscalingRunnerSet	spec.listenerTemplate.spec.topologySpreadConstraints	topologyKey,whenUnsatisfiable
mergeKey	actions.github.com/v1alpha1/AutoscalingRunnerSet	spec.listenerTemplate.spec.volumes	name
mergeKey	actions.github.com/v1alpha1/AutoscalingRunnerSet	spec.template.spec.containers	name
mergeKey	actions.github.com/v1alpha1/AutoscalingRunnerSet	spec.template.spec.containers.*.env	name
mergeKey	actions.github.com/v1alpha1/AutoscalingRunnerSet	spec.template.spec.containers.*.ports	containerPort,protocol
mergeKey	actions.github.com/v1alpha1/AutoscalingRunnerSet	spec.template.spec.containers.*.volumeDevices	devicePath
mergeKey	actions.github.com/v1alpha1/AutoscalingRunnerSet	spec.template.spec.containers.*.volumeMounts	mountPath
mergeKey	actions.github.com/v1alpha1/AutoscalingRunnerSet	spec.template.spec.ephemeralContainers	name
mergeKey	actions.github.com/v1alpha1/AutoscalingRunnerSet	spec.template.spec.ephemeralContainers.*.env	name
mergeKey	actions.github.com/v1alpha1/AutoscalingRunnerSet	spec.template.spec.ephemeralContainers.*.ports	containerPort,protocol
mergeKey	actions.github.com/v1alpha1/AutoscalingRunnerSet	spec.template.spec.ephemeralContainers.*.volumeDevices	devicePath
mergeKey	actions.github.com/v1alpha1/AutoscalingRunnerSet	spec.template.spec.ephemeralContainers.*.volumeMounts	mountPath
mergeKey	actions.github.com/v1alpha1/AutoscalingRunnerSet	spec.template.spec.hostAliases	ip
mergeKey	actions.github.com/v1alpha1/AutoscalingRunnerSet	spec.template.spec.imagePullSecrets	name
mergeKey	actions.github.com/v1alpha1/AutoscalingRunnerSet	spec.template.spec.initContainers	name
mergeKey	actions.github.com/v1alpha1/AutoscalingRunnerSet	spec.template.spec.initContainers.*.env	name
mergeKey	actions.github.com/v1alpha1/AutoscalingRunnerSet	spec.template.spec.initContainers.*.ports	containerPort,protocol
mergeKey	actions.github.com/v1alpha1/AutoscalingRunnerSet	spec.template.spec.initContainers.*.volumeDevices	devicePath
mergeKey	actions.github.com/v1alpha1/AutoscalingRunnerSet	spec.template.spec.initContainers.*.volumeMounts	mountPath
mergeKey	actions.github.com/v1alpha1/AutoscalingRunnerSet	spec.template.spec.resourceClaims	name
mergeKey	actions.github.com/v1alpha1/AutoscalingRunnerSet	spec.template.spec.schedulingGates	name
mergeKey	actions.github.com/v1alpha1/AutoscalingRunnerSet	spec.template.spec.topologySpreadConstraints	topologyKey,whenUnsatisfiable
mergeKey	actions.github.com/v1alpha1/AutoscalingRunnerSet	spec.template.spec.volumes	name
mergeKey	admissionregistration.k8s.io/v1/MutatingAdmissionPolicy	spec.matchConditions	name
mergeKey	admissionregistration.k8s.io/v1/MutatingWebhookConfiguration	webhooks	name
mergeKey	admissionregistration.k8s.io/v1/MutatingWebhookConfiguration	webhooks.*.matchConditions	name
mergeKey	admissionregistration.k8s.io/v1/ValidatingAdmissionPolicy	spec.matchConditions	name
mergeKey	admissionregistration.k8s.io/v1/ValidatingAdmissionPolicy	spec.variables	name
mergeKey	admissionregistration.k8s.io/v1/ValidatingWebhookConfiguration	webhooks	name
mergeKey	admissionregistration.k8s.io/v1/ValidatingWebhookConfiguration	webhooks.*.matchConditions	name
mergeKey	apiextensions.k8s.io/v1/CustomResourceDefinition	spec.versions.*.schema.openAPIV3Schema.x-kubernetes-validations	rule
mergeKey	apps/v1/DaemonSet	spec.template.spec.containers	name
mergeKey	apps/v1/DaemonSet	spec.template.spec.containers.*.env	name
mergeKey	apps/v1/DaemonSet	spec.template.spec.containers.*.ports	containerPort,protocol
mergeKey	apps/v1/DaemonSet	spec.template.spec.containers.*.volumeDevices	devicePath
mergeKey	apps/v1/DaemonSet	spec.template.spec.containers.*.volumeMounts	mountPath
mergeKey	apps/v1/DaemonSet	spec.template.spec.ephemeralContainers	name
mergeKey	apps/v1/DaemonSet	spec.template.spec.ephemeralContainers.*.env	name
mergeKey	apps/v1/DaemonSet	spec.template.spec.ephemeralContainers.*.ports	containerPort,protocol
mergeKey	apps/v1/DaemonSet	spec.template.spec.ephemeralContainers.*.volumeDevices	devicePath
mergeKey	apps/v1/DaemonSet	spec.template.spec.ephemeralContainers.*.volumeMounts	mountPath
mergeKey	apps/v1/DaemonSet	spec.template.spec.hostAliases	ip
mergeKey	apps/v1/DaemonSet	spec.template.spec.imagePullSecrets	name
mergeKey	apps/v1/DaemonSet	spec.template.spec.initContainers	name
mergeKey	apps/v1/DaemonSet	spec.template.spec.initContainers.*.env	name
mergeKey	apps/v1/DaemonSet	spec.template.spec.initContainers.*.ports	containerPort,protocol
mergeKey	apps/v1/DaemonSet	spec.template.spec.initContainers.*.volumeDevices	devicePath
mergeKey	apps/v1/DaemonSet	spec.template.spec.initContainers.*.volumeMounts	mountPath
mergeKey	apps/v1/DaemonSet	spec.template.spec.resourceClaims	name
mergeKey	apps/v1/DaemonSet	spec.template.spec.schedulingGates	name
mergeKey	apps/v1/DaemonSet	spec.template.spec.topologySpreadConstraints	topologyKey,whenUnsatisfiable
mergeKey	apps/v1/DaemonSet	spec.template.spec.volumes	name
mergeKey	apps/v1/Deployment	spec.template.spec.containers	name
mergeKey	apps/v1/Deployment	spec.template.spec.containers.*.env	name
mergeKey	apps/v1/Deployment	spec.template.spec.containers.*.ports	containerPort,protocol
mergeKey	apps/v1/Deployment	spec.template.spec.containers.*.volumeDevices	devicePath
mergeKey	apps/v1/Deployment	spec.template.spec.containers.*.volumeMounts	mountPath
mergeKey	apps/v1/Deployment	spec.template.spec.ephemeralContainers	name
mergeKey	apps/v1/Deployment	spec.template.spec.ephemeralContainers.*.env	name
mergeKey	apps/v1/Deployment	spec.template.spec.ephemeralContainers.*.ports	containerPort,protocol
mergeKey	apps/v1/Deployment	spec.template.spec.ephemeralContainers.*.volumeDevices	devicePath
mergeKey	apps/v1/Deployment	spec.template.spec.ephemeralContainers.*.volumeMounts	mountPath
mergeKey	apps/v1/Deployment	spec.template.spec.hostAliases	ip
mergeKey	apps/v1/Deployment	spec.template.spec.imagePullSecrets	name
mergeKey	apps/v1/Deployment	spec.template.spec.initContainers	name
mergeKey	apps/v1/Deployment	spec.template.spec.initContainers.*.env	name
mergeKey	apps/v1/Deployment	spec.template.spec.initContainers.*.ports	containerPort,protocol
mergeKey	apps/v1/Deployment	spec.template.spec.initContainers.*.volumeDevices	devicePath
mergeKey	apps/v1/Deployment	spec.template.spec.initContainers.*.volumeMounts	mountPath
mergeKey	apps/v1/Deployment	spec.template.spec.resourceClaims	name
mergeKey	apps/v1/Deployment	spec.template.spec.schedulingGates	name
mergeKey	apps/v1/Deployment	spec.template.spec.topologySpreadConstraints	topologyKey,whenUnsatisfiable
mergeKey	apps/v1/Deployment	spec.template.spec.volumes	name
mergeKey	apps/v1/ReplicaSet	spec.template.spec.containers	name
mergeKey	apps/v1/ReplicaSet	spec.template.spec.containers.*.env	name
mergeKey	apps/v1/ReplicaSet	spec.template.spec.containers.*.ports	containerPort,protocol
mergeKey	apps/v1/ReplicaSet	spec.template.spec.containers.*.volumeDevices	devicePath
mergeKey	apps/v1/ReplicaSet	spec.template.spec.containers.*.volumeMounts	mountPath
mergeKey	apps/v1/ReplicaSet	spec.template.spec.ephemeralContainers	name
mergeKey	apps/v1/ReplicaSet	spec.template.spec.ephemeralContainers.*.env	name
mergeKey	apps/v1/ReplicaSet	spec.template.spec.ephemeralContainers.*.ports	containerPort,protocol
mergeKey	apps/v1/ReplicaSet	spec.template.spec.ephemeralContainers.*.volumeDevices	devicePath
mergeKey	apps/v1/ReplicaSet	spec.template.spec.ephemeralContainers.*.volumeMounts	mountPath
mergeKey	apps/v1/ReplicaSet	spec.template.spec.hostAliases	ip
mergeKey	apps/v1/ReplicaSet	spec.template.spec.imagePullSecrets	name
mergeKey	apps/v1/ReplicaSet	spec.template.spec.initContainers	name
mergeKey	apps/v1/ReplicaSet	spec.template.spec.initContainers.*.env	name
mergeKey	apps/v1/ReplicaSet	spec.template.spec.initContainers.*.ports	containerPort,protocol
mergeKey	apps/v1/ReplicaSet	spec.template.spec.initContainers.*.volumeDevices	devicePath
mergeKey	apps/v1/ReplicaSet	spec.template.spec.initContainers.*.volumeMounts	mountPath
mergeKey	apps/v1/ReplicaSet	spec.template.spec.resourceClaims	name
mergeKey	apps/v1/ReplicaSet	spec.template.spec.schedulingGates	name
mergeKey	apps/v1/ReplicaSet	spec.template.spec.topologySpreadConstraints	topologyKey,whenUnsatisfiable
mergeKey	apps/v1/ReplicaSet	spec.template.spec.volumes	name
mergeKey	apps/v1/StatefulSet	spec.template.spec.containers	name
mergeKey	apps/v1/StatefulSet	spec.template.spec.containers.*.env	name
mergeKey	apps/v1/StatefulSet	spec.template.spec.containers.*.ports	containerPort,protocol
mergeKey	apps/v1/StatefulSet	spec.template.spec.containers.*.volumeDevices	devicePath
mergeKey	apps/v1/StatefulSet	spec.template.spec.containers.*.volumeMounts	mountPath
mergeKey	apps/v1/StatefulSet	spec.template.spec.ephemeralContainers	name
mergeKey	apps/v1/StatefulSet	spec.template.spec.ephemeralContainers.*.env	name
mergeKey	apps/v1/StatefulSet	spec.template.spec.ephemeralContainers.*.ports	containerPort,protocol
mergeKey	apps/v1/StatefulSet	spec.template.spec.ephemeralContainers.*.volumeDevices	devicePath
mergeKey	apps/v1/StatefulSet	spec.template.spec.ephemeralContainers.*.volumeMounts	mountPath
mergeKey	apps/v1/StatefulSet	spec.template.spec.hostAliases	ip
mergeKey	apps/v1/StatefulSet	spec.template.spec.imagePullSecrets	name
mergeKey	apps/v1/StatefulSet	spec.template.spec.initContainers	name
mergeKey	apps/v1/StatefulSet	spec.template.spec.initContainers.*.env	name
mergeKey	apps/v1/StatefulSet	spec.template.spec.initContainers.*.ports	containerPort,protocol
mergeKey	apps/v1/StatefulSet	spec.template.spec.initContainers.*.volumeDevices	devicePath
mergeKey	apps/v1/StatefulSet	spec.template.spec.initContainers.*.volumeMounts	mountPath
mergeKey	apps/v1/StatefulSet	spec.template.spec.resourceClaims	name
mergeKey	apps/v1/StatefulSet	spec.template.spec.schedulingGates	name
mergeKey	apps/v1/StatefulSet	spec.template.spec.topologySpreadConstraints	topologyKey,whenUnsatisfiable
mergeKey	apps/v1/StatefulSet	spec.template.spec.volumes	name
mergeKey	apps/v1/StatefulSet	spec.volumeClaimTemplates.*.metadata.ownerReferences	uid
mergeKey	argoproj.io/v1alpha1/Rollout	spec.template.spec.containers	name
mergeKey	argoproj.io/v1alpha1/Rollout	spec.template.spec.containers.*.env	name
mergeKey	argoproj.io/v1alpha1/Rollout	spec.template.spec.containers.*.ports	containerPort,protocol
mergeKey	argoproj.io/v1alpha1/Rollout	spec.template.spec.containers.*.volumeDevices	devicePath
mergeKey	argoproj.io/v1alpha1/Rollout	spec.template.spec.containers.*.volumeMounts	mountPath
mergeKey	argoproj.io/v1alpha1/Rollout	spec.template.spec.ephemeralContainers	name
mergeKey	argoproj.io/v1alpha1/Rollout	spec.template.spec.ephemeralContainers.*.env	name
mergeKey	argoproj.io/v1alpha1/Rollout	spec.template.spec.ephemeralContainers.*.ports	containerPort,protocol
mergeKey	argoproj.io/v1alpha1/Rollout	spec.template.spec.ephemeralContainers.*.volumeDevices	devicePath
mergeKey	argoproj.io/v1alpha1/Rollout	spec.template.spec.ephemeralContainers.*.volumeMounts	mountPath
mergeKey	argoproj.io/v1alpha1/Rollout	spec.template.spec.hostAliases	ip
mergeKey	argoproj.io/v1alpha1/Rollout	spec.template.spec.imagePullSecrets	name
mergeKey	argoproj.io/v1alpha1/Rollout	spec.template.spec.initContainers	name
mergeKey	argoproj.io/v1alpha1/Rollout	spec.template.spec.initContainers.*.env	name
mergeKey	argoproj.io/v1alpha1/Rollout	spec.template.spec.initContainers.*.ports	containerPort,protocol
mergeKey	argoproj.io/v1alpha1/Rollout	spec.template.spec.initContainers.*.volumeDevices	devicePath
mergeKey	argoproj.io/v1alpha1/Rollout	spec.template.spec.initContainers.*.volumeMounts	mountPath
mergeKey	argoproj.io/v1alpha1/Rollout	spec.template.spec.resourceClaims	name
mergeKey	argoproj.io/v1alpha1/Rollout	spec.template.spec.schedulingGates	name
mergeKey	argoproj.io/v1alpha1/Rollout	spec.template.spec.topologySpreadConstraints	topologyKey,whenUnsatisfiable
mergeKey	argoproj.io/v1alpha1/Rollout	spec.template.spec.volumes	name
mergeKey	batch/v1/CronJob	spec.jobTemplate.spec.template.spec.containers	name
mergeKey	batch/v1/CronJob	spec.jobTemplate.spec.template.spec.containers.*.env	name
mergeKey	batch/v1/CronJob	spec.jobTemplate.spec.template.spec.containers.*.ports	containerPort,protocol
mergeKey	batch/v1/CronJob	spec.jobTemplate.spec.template.spec.containers.*.volumeDevices	devicePath
mergeKey	batch/v1/CronJob	spec.jobTemplate.spec.template.spec.containers.*.volumeMounts	mountPath
mergeKey	batch/v1/CronJob	spec.jobTemplate.spec.template.spec.ephemeralContainers	name
mergeKey	batch/v1/CronJob	spec.jobTemplate.spec.template.spec.ephemeralContainers.*.env	name
mergeKey	batch/v1/CronJob	spec.jobTemplate.spec.template.spec.ephemeralContainers.*.ports	containerPort,protocol
mergeKey	batch/v1/CronJob	spec.jobTemplate.spec.template.spec.ephemeralContainers.*.volumeDevices	devicePath
mergeKey	batch/v1/CronJob	spec.jobTemplate.spec.template.spec.ephemeralContainers.*.volumeMounts	mountPath
mergeKey	batch/v1/CronJob	spec.jobTemplate.spec.template.spec.hostAliases	ip
mergeKey	batch/v1/CronJob	spec.jobTemplate.spec.template.spec.imagePullSecrets	name
mergeKey	batch/v1/CronJob	spec.jobTemplate.spec.template.spec.initContainers	name
mergeKey	batch/v1/CronJob	spec.jobTemplate.spec.template.spec.initContainers.*.env	name
mergeKey	batch/v1/CronJob	spec.jobTemplate.spec.template.spec.initContainers.*.ports	containerPort,protocol
mergeKey	batch/v1/CronJob	spec.jobTemplate.spec.template.spec.initContainers.*.volumeDevices	devicePath
mergeKey	batch/v1/CronJob	spec.jobTemplate.spec.template.spec.initContainers.*.volumeMounts	mountPath
mergeKey	batch/v1/CronJob	spec.jobTemplate.spec.template.spec.resourceClaims	name
mergeKey	batch/v1/CronJob	spec.jobTemplate.spec.template.spec.schedulingGates	name
mergeKey	batch/v1/CronJob	spec.jobTemplate.spec.template.spec.topologySpreadConstraints	topologyKey,whenUnsatisfiable
mergeKey	batch/v1/CronJob	spec.jobTemplate.spec.template.spec.volumes	name
mergeKey	batch/v1/Job	spec.template.spec.containers	name
mergeKey	batch/v1/Job	spec.template.spec.containers.*.env	name
mergeKey	batch/v1/Job	spec.template.spec.containers.*.ports	containerPort,protocol
mergeKey	batch/v1/Job	spec.template.spec.containers.*.volumeDevices	devicePath
mergeKey	batch/v1/Job	spec.template.spec.containers.*.volumeMounts	mountPath
mergeKey	batch/v1/Job	spec.template.spec.ephemeralContainers	name
mergeKey	batch/v1/Job	spec.template.spec.ephemeralContainers.*.env	name
mergeKey	batch/v1/Job	spec.template.spec.ephemeralContainers.*.ports	containerPort,protocol
mergeKey	batch/v1/Job	spec.template.spec.ephemeralContainers.*.volumeDevices	devicePath
mergeKey	batch/v1/Job	spec.template.spec.ephemeralContainers.*.volumeMounts	mountPath
mergeKey	batch/v1/Job	spec.template.spec.hostAliases	ip
mergeKey	batch/v1/Job	spec.template.spec.imagePullSecrets	name
mergeKey	batch/v1/Job	spec.template.spec.initContainers	name
mergeKey	batch/v1/Job	spec.template.spec.initContainers.*.env	name
mergeKey	batch/v1/Job	spec.template.spec.initContainers.*.ports	containerPort,protocol
mergeKey	batch/v1/Job	spec.template.spec.initContainers.*.volumeDevices	devicePath
mergeKey	batch/v1/Job	spec.template.spec.initContainers.*.volumeMounts	mountPath
mergeKey	batch/v1/Job	spec.template.spec.resourceClaims	name
mergeKey	batch/v1/Job	spec.template.spec.schedulingGates	name
mergeKey	batch/v1/Job	spec.template.spec.topologySpreadConstraints	topologyKey,whenUnsatisfiable
mergeKey	batch/v1/Job	spec.template.spec.volumes	name
mergeKey	serving.knative.dev/v1/Service	spec.template.spec.containers	name
mergeKey	serving.knative.dev/v1/Service	spec.template.spec.containers.*.env	name
mergeKey	serving.knative.dev/v1/Service	spec.template.spec.containers.*.ports	containerPort,protocol
mergeKey	serving.knative.dev/v1/Service	spec.template.spec.containers.*.volumeDevices	devicePath
mergeKey	serving.knative.dev/v1/Service	spec.template.spec.containers.*.volumeMounts	mountPath
mergeKey	serving.knative.dev/v1/Service	spec.template.spec.ephemeralContainers	name
mergeKey	serving.knative.dev/v1/Service	spec.template.spec.ephemeralContainers.*.env	name
mergeKey	serving.knative.dev/v1/Service	spec.template.spec.ephemeralContainers.*.ports	containerPort,protocol
mergeKey	serving.knative.dev/v1/Service	spec.template.spec.ephemeralContainers.*.volumeDevices	devicePath
mergeKey	serving.knative.dev/v1/Service	spec.template.spec.ephemeralContainers.*.volumeMounts	mountPath
mergeKey	serving.knative.dev/v1/Service	spec.template.spec.hostAliases	ip
mergeKey	serving.knative.dev/v1/Service	spec.template.spec.imagePullSecrets	name
mergeKey	serving.knative.dev/v1/Service	spec.template.spec.initContainers	name
mergeKey	serving.knative.dev/v1/Service	spec.template.spec.initContainers.*.env	name
mergeKey	serving.knative.dev/v1/Service	spec.template.spec.initContainers.*.ports	containerPort,protocol
mergeKey	serving.knative.dev/v1/Service	spec.template.spec.initContainers.*.volumeDevices	devicePath
mergeKey	serving.knative.dev/v1/Service	spec.template.spec.initContainers.*.volumeMounts	mountPath
mergeKey	serving.knative.dev/v1/Service	spec.template.spec.resourceClaims	name
mergeKey	serving.knative.dev/v1/Service	spec.template.spec.schedulingGates	name
mergeKey	serving.knative.dev/v1/Service	spec.template.spec.topologySpreadConstraints	topologyKey,whenUnsatisfiable
mergeKey	serving.knative.dev/v1/Service	spec.template.spec.volumes	name
mergeKey	storage.k8s.io/v1/CSINode	spec.drivers	name
mergeKey	v1/ComponentStatus	conditions	type
mergeKey	v1/Pod	spec.containers	name
mergeKey	v1/Pod	spec.containers.*.env	name
mergeKey	v1/Pod	spec.containers.*.ports	containerPort,protocol
mergeKey	v1/Pod	spec.containers.*.volumeDevices	devicePath
mergeKey	v1/Pod	spec.containers.*.volumeMounts	mountPath
mergeKey	v1/Pod	spec.ephemeralContainers	name
mergeKey	v1/Pod	spec.ephemeralContainers.*.env	name
mergeKey	v1/Pod	spec.ephemeralContainers.*.ports	containerPort,protocol
mergeKey	v1/Pod	spec.ephemeralContainers.*.volumeDevices	devicePath
mergeKey	v1/Pod	spec.ephemeralContainers.*.volumeMounts	mountPath
mergeKey	v1/Pod	spec.hostAliases	ip
mergeKey	v1/Pod	spec.imagePullSecrets	name
mergeKey	v1/Pod	spec.initContainers	name
mergeKey	v1/Pod	spec.initContainers.*.env	name
mergeKey	v1/Pod	spec.initContainers.*.ports	containerPort,protocol
mergeKey	v1/Pod	spec.initContainers.*.volumeDevices	devicePath
mergeKey	v1/Pod	spec.initContainers.*.volumeMounts	mountPath
mergeKey	v1/Pod	spec.resourceClaims	name
mergeKey	v1/Pod	spec.schedulingGates	name
mergeKey	v1/Pod	spec.topologySpreadConstraints	topologyKey,whenUnsatisfiable
mergeKey	v1/Pod	spec.volumes	name
mergeKey	v1/PodTemplate	template.spec.containers	name
mergeKey	v1/PodTemplate	template.spec.containers.*.env	name
mergeKey	v1/PodTemplate	template.spec.containers.*.ports	containerPort,protocol
mergeKey	v1/PodTemplate	template.spec.containers.*.volumeDevices	devicePath
mergeKey	v1/PodTemplate	template.spec.containers.*.volumeMounts	mountPath
mergeKey	v1/PodTemplate	template.spec.ephemeralContainers	name
mergeKey	v1/PodTemplate	template.spec.ephemeralContainers.*.env	name
mergeKey	v1/PodTemplate	template.spec.ephemeralContainers.*.ports	containerPort,protocol
mergeKey	v1/PodTemplate	template.spec.ephemeralContainers.*.volumeDevices	devicePath
mergeKey	v1/PodTemplate	template.spec.ephemeralContainers.*.volumeMounts	mountPath
mergeKey	v1/PodTemplate	template.spec.hostAliases	ip
mergeKey	v1/PodTemplate	template.spec.imagePullSecrets	name
mergeKey	v1/PodTemplate	template.spec.initContainers	name
mergeKey	v1/PodTemplate	template.spec.initContainers.*.env	name
mergeKey	v1/PodTemplate	template.spec.initContainers.*.ports	containerPort,protocol
mergeKey	v1/PodTemplate	template.spec.initContainers.*.volumeDevices	devicePath
mergeKey	v1/PodTemplate	template.spec.initContainers.*.volumeMounts	mountPath
mergeKey	v1/PodTemplate	template.spec.resourceClaims	name
mergeKey	v1/PodTemplate	template.spec.schedulingGates	name
mergeKey	v1/PodTemplate	template.spec.topologySpreadConstraints	topologyKey,whenUnsatisfiable
mergeKey	v1/PodTemplate	template.spec.volumes	name
mergeKey	v1/ReplicationController	spec.template.spec.containers	name
mergeKey	v1/ReplicationController	spec.template.spec.containers.*.env	name
mergeKey	v1/ReplicationController	spec.template.spec.containers.*.ports	containerPort,protocol
mergeKey	v1/ReplicationController	spec.template.spec.containers.*.volumeDevices	devicePath
mergeKey	v1/ReplicationController	spec.template.spec.containers.*.volumeMounts	mountPath
mergeKey	v1/ReplicationController	spec.template.spec.ephemeralContainers	name
mergeKey	v1/ReplicationController	spec.template.spec.ephemeralContainers.*.env	name
mergeKey	v1/ReplicationController	spec.template.spec.ephemeralContainers.*.ports	containerPort,protocol
mergeKey	v1/ReplicationController	spec.template.spec.ephemeralContainers.*.volumeDevices	devicePath
mergeKey	v1/ReplicationController	spec.template.spec.ephemeralContainers.*.volumeMounts	mountPath
mergeKey	v1/ReplicationController	spec.template.spec.hostAliases	ip
mergeKey	v1/ReplicationController	spec.template.spec.imagePullSecrets	name
mergeKey	v1/ReplicationController	spec.template.spec.initContainers	name
mergeKey	v1/ReplicationController	spec.template.spec.initContainers.*.env	name
mergeKey	v1/ReplicationController	spec.template.spec.initContainers.*.ports	containerPort,protocol
mergeKey	v1/ReplicationController	spec.template.spec.initContainers.*.volumeDevices	devicePath
mergeKey	v1/ReplicationController	spec.template.spec.initContainers.*.volumeMounts	mountPath
mergeKey	v1/ReplicationController	spec.template.spec.resourceClaims	name
mergeKey	v1/ReplicationController	spec.template.spec.schedulingGates	name
mergeKey	v1/ReplicationController	spec.template.spec.topologySpreadConstraints	topologyKey,whenUnsatisfiable
mergeKey	v1/ReplicationController	spec.template.spec.volumes	name
mergeKey	v1/Service	spec.ports	port,protocol
mergeKey	v1/ServiceAccount	secrets	name

# exclusive fields: resourceType	path	members	discriminator	allowedMember
exclusive	actions.github.com/v1alpha1/AutoscalingListener	spec.template.spec.containers.*.env.*	value,valueFrom		
exclusive	actions.github.com/v1alpha1/AutoscalingListener	spec.template.spec.containers.*.env.*.valueFrom	configMapKeyRef,fieldRef,fileKeyRef,resourceFieldRef,secretKeyRef		
exclusive	actions.github.com/v1alpha1/AutoscalingListener	spec.template.spec.containers.*.lifecycle.postStart	exec,grpc,httpGet,tcpSocket		
exclusive	actions.github.com/v1alpha1/AutoscalingListener	spec.template.spec.containers.*.lifecycle.preStop	exec,grpc,httpGet,tcpSocket		
exclusive	actions.github.com/v1alpha1/AutoscalingListener	spec.template.spec.containers.*.livenessProbe	exec,grpc,httpGet,tcpSocket		
exclusive	actions.github.com/v1alpha1/AutoscalingListener	spec.template.spec.containers.*.readinessProbe	exec,grpc,httpGet,tcpSocket		
exclusive	actions.github.com/v1alpha1/AutoscalingListener	spec.template.spec.containers.*.startupProbe	exec,grpc,httpGet,tcpSocket		
exclusive	actions.github.com/v1alpha1/AutoscalingListener	spec.template.spec.ephemeralContainers.*.env.*	value,valueFrom		
exclusive	actions.github.com/v1alpha1/AutoscalingListener	spec.template.spec.ephemeralContainers.*.env.*.valueFrom	configMapKeyRef,fieldRef,fileKeyRef,resourceFieldRef,secretKeyRef		
exclusive	actions.github.com/v1alpha1/AutoscalingListener	spec.template.spec.ephemeralContainers.*.lifecycle.postStart	exec,grpc,httpGet,tcpSocket		
exclusive	actions.github.com/v1alpha1/AutoscalingListener	spec.template.spec.ephemeralContainers.*.lifecycle.preStop	exec,grpc,httpGet,tcpSocket		
exclusive	actions.github.com/v1alpha1/AutoscalingListener	spec.template.spec.ephemeralContainers.*.livenessProbe	exec,grpc,httpGet,tcpSocket		
exclusive	actions.github.com/v1alpha1/AutoscalingListener	spec.template.spec.ephemeralContainers.*.readinessProbe	exec,grpc,httpGet,tcpSocket		
exclusive	actions.github.com/v1alpha1/AutoscalingListener	spec.template.spec.ephemeralContainers.*.startupProbe	exec,grpc,httpGet,tcpSocket		
exclusive	actions.github.com/v1alpha1/AutoscalingListener	spec.template.spec.initContainers.*.env.*	value,valueFrom		
exclusive	actions.github.com/v1alpha1/AutoscalingListener	spec.template.spec.initContainers.*.env.*.valueFrom	configMapKeyRef,fieldRef,fileKeyRef,resourceFieldRef,secretKeyRef		
exclusive	actions.github.com/v1alpha1/AutoscalingListener	spec.template.spec.initContainers.*.lifecycle.postStart	exec,grpc,httpGet,tcpSocket		
exclusive	actions.github.com/v1alpha1/AutoscalingListener	spec.template.spec.initContainers.*.lifecycle.preStop	exec,grpc,httpGet,tcpSocket		
exclusive	actions.github.com/v1alpha1/AutoscalingListener	spec.template.spec.initContainers.*.livenessProbe	exec,grpc,httpGet,tcpSocket		
exclusive	actions.github.com/v1alpha1/AutoscalingListener	spec.template.spec.initContainers.*.readinessProbe	exec,grpc,httpGet,tcpSocket		
exclusive	actions.github.com/v1alpha1/AutoscalingListener	spec.template.spec.initContainers.*.startupProbe	exec,grpc,httpGet,tcpSocket		
exclusive	actions.github.com/v1alpha1/AutoscalingListener	spec.template.spec.resourceClaims.*	resourceClaimName,resourceClaimTemplateName		
exclusive	actions.github.com/v1alpha1/AutoscalingListener	spec.template.spec.volumes.*	awsElasticBlockStore,azureDisk,azureFile,cephfs,cinder,configMap,csi,downwardAPI,emptyDir,ephemeral,fc,flexVolume,flocker,gcePersistentDisk,gitRepo,glusterfs,hostPath,image,iscsi,nfs,persistentVolumeClaim,photonPersistentDisk,portworxVolume,projected,quobyte,rbd,scaleIO,secret,storageos,vsphereVolume		
exclusive	actions.github.com/v1alpha1/AutoscalingRunnerSet	spec.listenerTemplate.spec.containers.*.env.*	value,valueFrom		
exclusive	actions.github.com/v1alpha1/AutoscalingRunnerSet	spec.listenerTemplate.spec.containers.*.env.*.valueFrom	configMapKeyRef,fieldRef,fileKeyRef,resourceFieldRef,secretKeyRef		
exclusive	actions.github.com/v1alpha1/AutoscalingRunnerSet	spec.listenerTemplate.spec.containers.*.lifecycle.postStart	exec,grpc,httpGet,tcpSocket		
exclusive	actions.github.com/v1alpha1/AutoscalingRunnerSet	spec.listenerTemplate.spec.containers.*.lifecycle.preStop	exec,grpc,httpGet,tcpSocket		
exclusive	actions.github.com/v1alpha1/AutoscalingRunnerSet	spec.listenerTemplate.spec.containers.*.livenessProbe	exec,grpc,httpGet,tcpSocket		
exclusive	actions.github.com/v1alpha1/AutoscalingRunnerSet	spec.listenerTemplate.spec.containers.*.readinessProbe	exec,grpc,httpGet,tcpSocket		
exclusive	actions.github.com/v1alpha1/AutoscalingRunnerSet	spec.listenerTemplate.spec.containers.*.startupProbe	exec,grpc,httpGet,tcpSocket		
exclusive	actions.github.com/v1alpha1/AutoscalingRunnerSet	spec.listenerTemplate.spec.ephemeralContainers.*.env.*	value,valueFrom		
exclusive	actions.github.com/v1alpha1/AutoscalingRunnerSet	spec.listenerTemplate.spec.ephemeralContainers.*.env.*.valueFrom	configMapKeyRef,fieldRef,fileKeyRef,resourceFieldRef,secretKeyRef		
exclusive	actions.github.com/v1alpha1/AutoscalingRunnerSet	spec.listenerTemplate.spec.ephemeralContainers.*.lifecycle.postStart	exec,grpc,httpGet,tcpSocket		
exclusive	actions.github.com/v1alpha1/AutoscalingRunnerSet	spec.listenerTemplate.spec.ephemeralContainers.*.lifecycle.preStop	exec,grpc,httpGet,tcpSocket		
exclusive	actions.github.com/v1alpha1/AutoscalingRunnerSet	spec.listenerTemplate.spec.ephemeralContainers.*.livenessProbe	exec,grpc,httpGet,tcpSocket		
exclusive	actions.github.com/v1alpha1/AutoscalingRunnerSet	spec.listenerTemplate.spec.ephemeralContainers.*.readinessProbe	exec,grpc,httpGet,tcpSocket		
exclusive	actions.github.com/v1alpha1/AutoscalingRunnerSet	spec.listenerTemplate.spec.ephemeralContainers.*.startupProbe	exec,grpc,httpGet,tcpSocket		
exclusive	actions.github.com/v1alpha1/AutoscalingRunnerSet	spec.listenerTemplate.spec.initContainers.*.env.*	value,valueFrom		
exclusive	actions.github.com/v1alpha1/AutoscalingRunnerSet	spec.listenerTemplate.spec.initContainers.*.env.*.valueFrom	configMapKeyRef,fieldRef,fileKeyRef,resourceFieldRef,secretKeyRef		
exclusive	actions.github.com/v1alpha1/AutoscalingRunnerSet	spec.listenerTemplate.spec.initContainers.*.lifecycle.postStart	exec,grpc,httpGet,tcpSocket		
exclusive	actions.github.com/v1alpha1/AutoscalingRunnerSet	spec.listenerTemplate.spec.initContainers.*.lifecycle.preStop	exec,grpc,httpGet,tcpSocket		
exclusive	actions.github.com/v1alpha1/AutoscalingRunnerSet	spec.listenerTemplate.spec.initContainers.*.livenessProbe	exec,grpc,httpGet,tcpSocket		
exclusive	actions.github.com/v1alpha1/AutoscalingRunnerSet	spec.listenerTemplate.spec.initContainers.*.readinessProbe	exec,grpc,httpGet,tcpSocket		
exclusive	actions.github.com/v1alpha1/AutoscalingRunnerSet	spec.listenerTemplate.spec.initContainers.*.startupProbe	exec,grpc,httpGet,tcpSocket		
exclusive	actions.github.com/v1alpha1/AutoscalingRunnerSet	spec.listenerTemplate.spec.resourceClaims.*	resourceClaimName,resourceClaimTemplateName		
exclusive	actions.github.com/v1alpha1/AutoscalingRunnerSet	spec.listenerTemplate.spec.volumes.*	awsElasticBlockStore,azureDisk,azureFile,cephfs,cinder,configMap,csi,downwardAPI,emptyDir,ephemeral,fc,flexVolume,flocker,gcePersistentDisk,gitRepo,glusterfs,hostPath,image,iscsi,nfs,persistentVolumeClaim,photonPersistentDisk,portworxVolume,projected,quobyte,rbd,scaleIO,secret,storageos,vsphereVolume		
exclusive	actions.github.com/v1alpha1/AutoscalingRunnerSet	spec.template.spec.containers.*.env.*	value,valueFrom		
exclusive	actions.github.com/v1alpha1/AutoscalingRunnerSet	spec.template.spec.containers.*.env.*.valueFrom	configMapKeyRef,fieldRef,fileKeyRef,resourceFieldRef,secretKeyRef		
exclusive	actions.github.com/v1alpha1/AutoscalingRunnerSet	spec.template.spec.containers.*.lifecycle.postStart	exec,grpc,httpGet,tcpSocket		
exclusive	actions.github.com/v1alpha1/AutoscalingRunnerSet	spec.template.spec.containers.*.lifecycle.preStop	exec,grpc,httpGet,tcpSocket		
exclusive	actions.github.com/v1alpha1/AutoscalingRunnerSet	spec.template.spec.containers.*.livenessProbe	exec,grpc,httpGet,tcpSocket		
exclusive	actions.github.com/v1alpha1/AutoscalingRunnerSet	spec.template.spec.containers.*.readinessProbe	exec,grpc,httpGet,tcpSocket		
exclusive	actions.github.com/v1alpha1/AutoscalingRunnerSet	spec.template.spec.containers.*.startupProbe	exec,grpc,httpGet,tcpSocket		
exclusive	actions.github.com/v1alpha1/AutoscalingRunnerSet	spec.template.spec.ephemeralContainers.*.env.*	value,valueFrom		
exclusive	actions.github.com/v1alpha1/AutoscalingRunnerSet	spec.template.spec.ephemeralContainers.*.env.*.valueFrom	configMapKeyRef,fieldRef,fileKeyRef,resourceFieldRef,secretKeyRef		
exclusive	actions.github.com/v1alpha1/AutoscalingRunnerSet	spec.template.spec.ephemeralContainers.*.lifecycle.postStart	exec,grpc,httpGet,tcpSocket		
exclusive	actions.github.com/v1alpha1/AutoscalingRunnerSet	spec.template.spec.ephemeralContainers.*.lifecycle.preStop	exec,grpc,httpGet,tcpSocket		
exclusive	actions.github.com/v1alpha1/AutoscalingRunnerSet	spec.template.spec.ephemeralContainers.*.livenessProbe	exec,grpc,httpGet,tcpSocket		
exclusive	actions.github.com/v1alpha1/AutoscalingRunnerSet	spec.template.spec.ephemeralContainers.*.readinessProbe	exec,grpc,httpGet,tcpSocket		
exclusive	actions.github.com/v1alpha1/AutoscalingRunnerSet	spec.template.spec.ephemeralContainers.*.startupProbe	exec,grpc,httpGet,tcpSocket		
exclusive	actions.github.com/v1alpha1/AutoscalingRunnerSet	spec.template.spec.initContainers.*.env.*	value,valueFrom		
exclusive	actions.github.com/v1alpha1/AutoscalingRunnerSet	spec.template.spec.initContainers.*.env.*.valueFrom	configMapKeyRef,fieldRef,fileKeyRef,resourceFieldRef,secretKeyRef		
exclusive	actions.github.com/v1alpha1/AutoscalingRunnerSet	spec.template.spec.initContainers.*.lifecycle.postStart	exec,grpc,httpGet,tcpSocket		
exclusive	actions.github.com/v1alpha1/AutoscalingRunnerSet	spec.template.spec.initContainers.*.lifecycle.preStop	exec,grpc,httpGet,tcpSocket		
exclusive	actions.github.com/v1alpha1/AutoscalingRunnerSet	spec.template.spec.initContainers.*.livenessProbe	exec,grpc,httpGet,tcpSocket		
exclusive	actions.github.com/v1alpha1/AutoscalingRunnerSet	spec.template.spec.initContainers.*.readinessProbe	exec,grpc,httpGet,tcpSocket		
exclusive	actions.github.com/v1alpha1/AutoscalingRunnerSet	spec.template.spec.initContainers.*.startupProbe	exec,grpc,httpGet,tcpSocket		
exclusive	actions.github.com/v1alpha1/AutoscalingRunnerSet	spec.template.spec.resourceClaims.*	resourceClaimName,resourceClaimTemplateName		
exclusive	actions.github.com/v1alpha1/AutoscalingRunnerSet	spec.template.spec.volumes.*	awsElasticBlockStore,azureDisk,azureFile,cephfs,cinder,configMap,csi,downwardAPI,emptyDir,ephemeral,fc,flexVolume,flocker,gcePersistentDisk,gitRepo,glusterfs,hostPath,image,iscsi,nfs,persistentVolumeClaim,photonPersistentDisk,portworxVolume,projected,quobyte,rbd,scaleIO,secret,storageos,vsphereVolume		
exclusive	apps/v1/DaemonSet	spec.template.spec.containers.*.env.*	value,valueFrom		
exclusive	apps/v1/DaemonSet	spec.template.spec.containers.*.env.*.valueFrom	configMapKeyRef,fieldRef,fileKeyRef,resourceFieldRef,secretKeyRef		
exclusive	apps/v1/DaemonSet	spec.template.spec.containers.*.lifecycle.postStart	exec,grpc,httpGet,tcpSocket		
exclusive	apps/v1/DaemonSet	spec.template.spec.containers.*.lifecycle.preStop	exec,grpc,httpGet,tcpSocket		
exclusive	apps/v1/DaemonSet	spec.template.spec.containers.*.livenessProbe	exec,grpc,httpGet,tcpSocket		
exclusive	apps/v1/DaemonSet	spec.template.spec.containers.*.readinessProbe	exec,grpc,httpGet,tcpSocket		
exclusive	apps/v1/DaemonSet	spec.template.spec.containers.*.startupProbe	exec,grpc,httpGet,tcpSocket		
exclusive	apps/v1/DaemonSet	spec.template.spec.ephemeralContainers.*.env.*	value,valueFrom		
exclusive	apps/v1/DaemonSet	spec.template.spec.ephemeralContainers.*.env.*.valueFrom	configMapKeyRef,fieldRef,fileKeyRef,resourceFieldRef,secretKeyRef		
exclusive	apps/v1/DaemonSet	spec.template.spec.ephemeralContainers.*.lifecycle.postStart	exec,grpc,httpGet,tcpSocket		
exclusive	apps/v1/DaemonSet	spec.template.spec.ephemeralContainers.*.lifecycle.preStop	exec,grpc,httpGet,tcpSocket		
exclusive	apps/v1/DaemonSet	spec.template.spec.ephemeralContainers.*.livenessProbe	exec,grpc,httpGet,tcpSocket		
exclusive	apps/v1/DaemonSet	spec.template.spec.ephemeralContainers.*.readinessProbe	exec,grpc,httpGet,tcpSocket		
exclusive	apps/v1/DaemonSet	spec.template.spec.ephemeralContainers.*.startupProbe	exec,grpc,httpGet,tcpSocket		
exclusive	apps/v1/DaemonSet	spec.template.spec.initContainers.*.env.*	value,valueFrom		
exclusive	apps/v1/DaemonSet	spec.template.spec.initContainers.*.env.*.valueFrom	configMapKeyRef,fieldRef,fileKeyRef,resourceFieldRef,secretKeyRef		
exclusive	apps/v1/DaemonSet	spec.template.spec.initContainers.*.lifecycle.postStart	exec,grpc,httpGet,tcpSocket		
exclusive	apps/v1/DaemonSet	spec.template.spec.initContainers.*.lifecycle.preStop	exec,grpc,httpGet,tcpSocket		
exclusive	apps/v1/DaemonSet	spec.template.spec.initContainers.*.livenessProbe	exec,grpc,httpGet,tcpSocket		
exclusive	apps/v1/DaemonSet	spec.template.spec.initContainers.*.readinessProbe	exec,grpc,httpGet,tcpSocket		
exclusive	apps/v1/DaemonSet	spec.template.spec.initContainers.*.startupProbe	exec,grpc,httpGet,tcpSocket		
exclusive	apps/v1/DaemonSet	spec.template.spec.resourceClaims.*	resourceClaimName,resourceClaimTemplateName		
exclusive	apps/v1/DaemonSet	spec.template.spec.volumes.*	awsElasticBlockStore,azureDisk,azureFile,cephfs,cinder,configMap,csi,downwardAPI,emptyDir,ephemeral,fc,flexVolume,flocker,gcePersistentDisk,gitRepo,glusterfs,hostPath,image,iscsi,nfs,persistentVolumeClaim,photonPersistentDisk,portworxVolume,projected,quobyte,rbd,scaleIO,secret,storageos,vsphereVolume		
exclusive	apps/v1/DaemonSet	spec.updateStrategy	rollingUpdate	type	RollingUpdate=rollingUpdate
exclusive	apps/v1/Deployment	spec.strategy	rollingUpdate	type	RollingUpdate=rollingUpdate
exclusive	apps/v1/Deployment	spec.template.spec.containers.*.env.*	value,valueFrom		
exclusive	apps/v1/Deployment	spec.template.spec.containers.*.env.*.valueFrom	configMapKeyRef,fieldRef,fileKeyRef,resourceFieldRef,secretKeyRef		
exclusive	apps/v1/Deployment	spec.template.spec.containers.*.lifecycle.postStart	exec,grpc,httpGet,tcpSocket		
exclusive	apps/v1/Deployment	spec.template.spec.containers.*.lifecycle.preStop	exec,grpc,httpGet,tcpSocket		
exclusive	apps/v1/Deployment	spec.template.spec.containers.*.livenessProbe	exec,grpc,httpGet,tcpSocket		
exclusive	apps/v1/Deployment	spec.template.spec.containers.*.readinessProbe	exec,grpc,httpGet,tcpSocket		
exclusive	apps/v1/Deployment	spec.template.spec.containers.*.startupProbe	exec,grpc,httpGet,tcpSocket		
exclusive	apps/v1/Deployment	spec.template.spec.ephemeralContainers.*.env.*	value,valueFrom		
exclusive	apps/v1/Deployment	spec.template.spec.ephemeralContainers.*.env.*.valueFrom	configMapKeyRef,fieldRef,fileKeyRef,resourceFieldRef,secretKeyRef		
exclusive	apps/v1/Deployment	spec.template.spec.ephemeralContainers.*.lifecycle.postStart	exec,grpc,httpGet,tcpSocket		
exclusive	apps/v1/Deployment	spec.template.spec.ephemeralContainers.*.lifecycle.preStop	exec,grpc,httpGet,tcpSocket		
exclusive	apps/v1/Deployment	spec.template.spec.ephemeralContainers.*.livenessProbe	exec,grpc,httpGet,tcpSocket		
exclusive	apps/v1/Deployment	spec.template.spec.ephemeralContainers.*.readinessProbe	exec,grpc,httpGet,tcpSocket		
exclusive	apps/v1/Deployment	spec.template.spec.ephemeralContainers.*.startupProbe	exec,grpc,httpGet,tcpSocket		
exclusive	apps/v1/Deployment	spec.template.spec.initContainers.*.env.*	value,valueFrom		
exclusive	apps/v1/Deployment	spec.template.spec.initContainers.*.env.*.valueFrom	configMapKeyRef,fieldRef,fileKeyRef,resourceFieldRef,secretKeyRef		
exclusive	apps/v1/Deployment	spec.template.spec.initContainers.*.lifecycle.postStart	exec,grpc,httpGet,tcpSocket		
exclusive	apps/v1/Deployment	spec.template.spec.initContainers.*.lifecycle.preStop	exec,grpc,httpGet,tcpSocket		
exclusive	apps/v1/Deployment	spec.template.spec.initContainers.*.livenessProbe	exec,grpc,httpGet,tcpSocket		
exclusive	apps/v1/Deployment	spec.template.spec.initContainers.*.readinessProbe	exec,grpc,httpGet,tcpSocket		
exclusive	apps/v1/Deployment	spec.template.spec.initContainers.*.startupProbe	exec,grpc,httpGet,tcpSocket		
exclusive	apps/v1/Deployment	spec.template.spec.resourceClaims.*	resourceClaimName,resourceClaimTemplateName		
exclusive	apps/v1/Deployment	spec.template.spec.volumes.*	awsElasticBlockStore,azureDisk,azureFile,cephfs,cinder,configMap,csi,downwardAPI,emptyDir,ephemeral,fc,flexVolume,flocker,gcePersistentDisk,gitRepo,glusterfs,hostPath,image,iscsi,nfs,persistentVolumeClaim,photonPersistentDisk,portworxVolume,projected,quobyte,rbd,scaleIO,secret,storageos,vsphereVolume		
exclusive	apps/v1/ReplicaSet	spec.template.spec.containers.*.env.*	value,valueFrom		
exclusive	apps/v1/ReplicaSet	spec.template.spec.containers.*.env.*.valueFrom	configMapKeyRef,fieldRef,fileKeyRef,resourceFieldRef,secretKeyRef		
exclusive	apps/v1/ReplicaSet	spec.template.spec.containers.*.lifecycle.postStart	exec,grpc,httpGet,tcpSocket		
exclusive	apps/v1/ReplicaSet	spec.template.spec.containers.*.lifecycle.preStop	exec,grpc,httpGet,tcpSocket		
exclusive	apps/v1/ReplicaSet	spec.template.spec.containers.*.livenessProbe	exec,grpc,httpGet,tcpSocket		
exclusive	apps/v1/ReplicaSet	spec.template.spec.containers.*.readinessProbe	exec,grpc,httpGet,tcpSocket		
exclusive	apps/v1/ReplicaSet	spec.template.spec.containers.*.startupProbe	exec,grpc,httpGet,tcpSocket		
exclusive	apps/v1/ReplicaSet	spec.template.spec.ephemeralContainers.*.env.*	value,valueFrom		
exclusive	apps/v1/ReplicaSet	spec.template.spec.ephemeralContainers.*.env.*.valueFrom	configMapKeyRef,fieldRef,fileKeyRef,resourceFieldRef,secretKeyRef		
exclusive	apps/v1/ReplicaSet	spec.template.spec.ephemeralContainers.*.lifecycle.postStart	exec,grpc,httpGet,tcpSocket		
exclusive	apps/v1/ReplicaSet	spec.template.spec.ephemeralContainers.*.lifecycle.preStop	exec,grpc,httpGet,tcpSocket		
exclusive	apps/v1/ReplicaSet	spec.template.spec.ephemeralContainers.*.livenessProbe	exec,grpc,httpGet,tcpSocket		
exclusive	apps/v1/ReplicaSet	spec.template.spec.ephemeralContainers.*.readinessProbe	exec,grpc,httpGet,tcpSocket		
exclusive	apps/v1/ReplicaSet	spec.template.spec.ephemeralContainers.*.startupProbe	exec,grpc,httpGet,tcpSocket		
exclusive	apps/v1/ReplicaSet	spec.template.spec.initContainers.*.env.*	value,valueFrom		
exclusive	apps/v1/ReplicaSet	spec.template.spec.initContainers.*.env.*.valueFrom	configMapKeyRef,fieldRef,fileKeyRef,resourceFieldRef,secretKeyRef		
exclusive	apps/v1/ReplicaSet	spec.template.spec.initContainers.*.lifecycle.postStart	exec,grpc,httpGet,tcpSocket		
exclusive	apps/v1/ReplicaSet	spec.template.spec.initContainers.*.lifecycle.preStop	exec,grpc,httpGet,tcpSocket		
exclusive	apps/v1/ReplicaSet	spec.template.spec.initContainers.*.livenessProbe	exec,grpc,httpGet,tcpSocket		
exclusive	apps/v1/ReplicaSet	spec.template.spec.initContainers.*.readinessProbe	exec,grpc,httpGet,tcpSocket		
exclusive	apps/v1/ReplicaSet	spec.template.spec.initContainers.*.startupProbe	exec,grpc,httpGet,tcpSocket		
exclusive	apps/v1/ReplicaSet	spec.template.spec.resourceClaims.*	resourceClaimName,resourceClaimTemplateName		
exclusive	apps/v1/ReplicaSet	spec.template.spec.volumes.*	awsElasticBlockStore,azureDisk,azureFile,cephfs,cinder,configMap,csi,downwardAPI,emptyDir,ephemeral,fc,flexVolume,flocker,gcePersistentDisk,gitRepo,glusterfs,hostPath,image,iscsi,nfs,persistentVolumeClaim,photonPersistentDisk,portworxVolume,projected,quobyte,rbd,scaleIO,secret,storageos,vsphereVolume		
exclusive	apps/v1/StatefulSet	spec.template.spec.containers.*.env.*	value,valueFrom		
exclusive	apps/v1/StatefulSet	spec.template.spec.containers.*.env.*.valueFrom	configMapKeyRef,fieldRef,fileKeyRef,resourceFieldRef,secretKeyRef		
exclusive	apps/v1/StatefulSet	spec.template.spec.containers.*.lifecycle.postStart	exec,grpc,httpGet,tcpSocket		
exclusive	apps/v1/StatefulSet	spec.template.spec.containers.*.lifecycle.preStop	exec,grpc,httpGet,tcpSocket		
exclusive	apps/v1/StatefulSet	spec.template.spec.containers.*.livenessProbe	exec,grpc,httpGet,tcpSocket		
exclusive	apps/v1/StatefulSet	spec.template.spec.containers.*.readinessProbe	exec,grpc,httpGet,tcpSocket		
exclusive	apps/v1/StatefulSet	spec.template.spec.containers.*.startupProbe	exec,grpc,httpGet,tcpSocket		
exclusive	apps/v1/StatefulSet	spec.template.spec.ephemeralContainers.*.env.*	value,valueFrom		
exclusive	apps/v1/StatefulSet	spec.template.spec.ephemeralContainers.*.env.*.valueFrom	configMapKeyRef,fieldRef,fileKeyRef,resourceFieldRef,secretKeyRef		
exclusive	apps/v1/StatefulSet	spec.template.spec.ephemeralContainers.*.lifecycle.postStart	exec,grpc,httpGet,tcpSocket		
exclusive	apps/v1/StatefulSet	spec.template.spec.ephemeralContainers.*.lifecycle.preStop	exec,grpc,httpGet,tcpSocket		
exclusive	apps/v1/StatefulSet	spec.template.spec.ephemeralContainers.*.livenessProbe	exec,grpc,httpGet,tcpSocket		
exclusive	apps/v1/StatefulSet	spec.template.spec.ephemeralContainers.*.readinessProbe	exec,grpc,httpGet,tcpSocket		
exclusive	apps/v1/StatefulSet	spec.template.spec.ephemeralContainers.*.startupProbe	exec,grpc,httpGet,tcpSocket		
exclusive	apps/v1/StatefulSet	spec.template.spec.initContainers.*.env.*	value,valueFrom		
exclusive	apps/v1/StatefulSet	spec.template.spec.initContainers.*.env.*.valueFrom	configMapKeyRef,fieldRef,fileKeyRef,resourceFieldRef,secretKeyRef		
exclusive	apps/v1/StatefulSet	spec.template.spec.initContainers.*.lifecycle.postStart	exec,grpc,httpGet,tcpSocket		
exclusive	apps/v1/StatefulSet	spec.template.spec.initContainers.*.lifecycle.preStop	exec,grpc,httpGet,tcpSocket		
exclusive	apps/v1/StatefulSet	spec.template.spec.initContainers.*.livenessProbe	exec,grpc,httpGet,tcpSocket		
exclusive	apps/v1/StatefulSet	spec.template.spec.initContainers.*.readinessProbe	exec,grpc,httpGet,tcpSocket		
exclusive	apps/v1/StatefulSet	spec.template.spec.initContainers.*.startupProbe	exec,grpc,httpGet,tcpSocket		
exclusive	apps/v1/StatefulSet	spec.template.spec.resourceClaims.*	resourceClaimName,resourceClaimTemplateName		
exclusive	apps/v1/StatefulSet	spec.template.spec.volumes.*	awsElasticBlockStore,azureDisk,azureFile,cephfs,cinder,configMap,csi,downwardAPI,emptyDir,ephemeral,fc,flexVolume,flocker,gcePersistentDisk,gitRepo,glusterfs,hostPath,image,iscsi,nfs,persistentVolumeClaim,photonPersistentDisk,portworxVolume,projected,quobyte,rbd,scaleIO,secret,storageos,vsphereVolume		
exclusive	apps/v1/StatefulSet	spec.updateStrategy	rollingUpdate	type	RollingUpdate=rollingUpdate
exclusive	argoproj.io/v1alpha1/Rollout	spec.template.spec.containers.*.env.*	value,valueFrom		
exclusive	argoproj.io/v1alpha1/Rollout	spec.template.spec.containers.*.env.*.valueFrom	configMapKeyRef,fieldRef,fileKeyRef,resourceFieldRef,secretKeyRef		
exclusive	argoproj.io/v1alpha1/Rollout	spec.template.spec.containers.*.lifecycle.postStart	exec,grpc,httpGet,tcpSocket		
exclusive	argoproj.io/v1alpha1/Rollout	spec.template.spec.containers.*.lifecycle.preStop	exec,grpc,httpGet,tcpSocket		
exclusive	argoproj.io/v1alpha1/Rollout	spec.template.spec.containers.*.livenessProbe	exec,grpc,httpGet,tcpSocket		
exclusive	argoproj.io/v1alpha1/Rollout	spec.template.spec.containers.*.readinessProbe	exec,grpc,httpGet,tcpSocket		
exclusive	argoproj.io/v1alpha1/Rollout	spec.template.spec.containers.*.startupProbe	exec,grpc,httpGet,tcpSocket		
exclusive	argoproj.io/v1alpha1/Rollout	spec.template.spec.ephemeralContainers.*.env.*	value,valueFrom		
exclusive	argoproj.io/v1alpha1/Rollout	spec.template.spec.ephemeralContainers.*.env.*.valueFrom	configMapKeyRef,fieldRef,fileKeyRef,resourceFieldRef,secretKeyRef		
exclusive	argoproj.io/v1alpha1/Rollout	spec.template.spec.ephemeralContainers.*.lifecycle.postStart	exec,grpc,httpGet,tcpSocket		
exclusive	argoproj.io/v1alpha1/Rollout	spec.template.spec.ephemeralContainers.*.lifecycle.preStop	exec,grpc,httpGet,tcpSocket		
exclusive	argoproj.io/v1alpha1/Rollout	spec.template.spec.ephemeralContainers.*.livenessProbe	exec,grpc,httpGet,tcpSocket		
exclusive	argoproj.io/v1alpha1/Rollout	spec.template.spec.ephemeralContainers.*.readinessProbe	exec,grpc,httpGet,tcpSocket		
exclusive	argoproj.io/v1alpha1/Rollout	spec.template.spec.ephemeralContainers.*.startupProbe	exec,grpc,httpGet,tcpSocket		
exclusive	argoproj.io/v1alpha1/Rollout	spec.template.spec.initContainers.*.env.*	value,valueFrom		
exclusive	argoproj.io/v1alpha1/Rollout	spec.template.spec.initContainers.*.env.*.valueFrom	configMapKeyRef,fieldRef,fileKeyRef,resourceFieldRef,secretKeyRef		
exclusive	argoproj.io/v1alpha1/Rollout	spec.template.spec.initContainers.*.lifecycle.postStart	exec,grpc,httpGet,tcpSocket		
exclusive	argoproj.io/v1alpha1/Rollout	spec.template.spec.initContainers.*.lifecycle.preStop	exec,grpc,httpGet,tcpSocket		
exclusive	argoproj.io/v1alpha1/Rollout	spec.template.spec.initContainers.*.livenessProbe	exec,grpc,httpGet,tcpSocket		
exclusive	argoproj.io/v1alpha1/Rollout	spec.template.spec.initContainers.*.readinessProbe	exec,grpc,httpGet,tcpSocket		
exclusive	argoproj.io/v1alpha1/Rollout	spec.template.spec.initContainers.*.startupProbe	exec,grpc,httpGet,tcpSocket		
exclusive	argoproj.io/v1alpha1/Rollout	spec.template.spec.resourceClaims.*	resourceClaimName,resourceClaimTemplateName		
exclusive	argoproj.io/v1alpha1/Rollout	spec.template.spec.volumes.*	awsElasticBlockStore,azureDisk,azureFile,cephfs,cinder,configMap,csi,downwardAPI,emptyDir,ephemeral,fc,flexVolume,flocker,gcePersistentDisk,gitRepo,glusterfs,hostPath,image,iscsi,nfs,persistentVolumeClaim,photonPersistentDisk,portworxVolume,projected,quobyte,rbd,scaleIO,secret,storageos,vsphereVolume		
exclusive	batch/v1/CronJob	spec.jobTemplate.spec.template.spec.containers.*.env.*	value,valueFrom		
exclusive	batch/v1/CronJob	spec.jobTemplate.spec.template.spec.containers.*.env.*.valueFrom	configMapKeyRef,fieldRef,fileKeyRef,resourceFieldRef,secretKeyRef		
exclusive	batch/v1/CronJob	spec.jobTemplate.spec.template.spec.containers.*.lifecycle.postStart	exec,grpc,httpGet,tcpSocket		
exclusive	batch/v1/CronJob	spec.jobTemplate.spec.template.spec.containers.*.lifecycle.preStop	exec,grpc,httpGet,tcpSocket		
exclusive	batch/v1/CronJob	spec.jobTemplate.spec.template.spec.containers.*.livenessProbe	exec,grpc,httpGet,tcpSocket		
exclusive	batch/v1/CronJob	spec.jobTemplate.spec.template.spec.containers.*.readinessProbe	exec,grpc,httpGet,tcpSocket		
exclusive	batch/v1/CronJob	spec.jobTemplate.spec.template.spec.containers.*.startupProbe	exec,grpc,httpGet,tcpSocket		
exclusive	batch/v1/CronJob	spec.jobTemplate.spec.template.spec.ephemeralContainers.*.env.*	value,valueFrom		
exclusive	batch/v1/CronJob	spec.jobTemplate.spec.template.spec.ephemeralContainers.*.env.*.valueFrom	configMapKeyRef,fieldRef,fileKeyRef,resourceFieldRef,secretKeyRef		
exclusive	batch/v1/CronJob	spec.jobTemplate.spec.template.spec.ephemeralContainers.*.lifecycle.postStart	exec,grpc,httpGet,tcpSocket		
exclusive	batch/v1/CronJob	spec.jobTemplate.spec.template.spec.ephemeralContainers.*.lifecycle.preStop	exec,grpc,httpGet,tcpSocket		
exclusive	batch/v1/CronJob	spec.jobTemplate.spec.template.spec.ephemeralContainers.*.livenessProbe	exec,grpc,httpGet,tcpSocket		
exclusive	batch/v1/CronJob	spec.jobTemplate.spec.template.spec.ephemeralContainers.*.readinessProbe	exec,grpc,httpGet,tcpSocket		
exclusive	batch/v1/CronJob	spec.jobTemplate.spec.template.spec.ephemeralContainers.*.startupProbe	exec,grpc,httpGet,tcpSocket		
exclusive	batch/v1/CronJob	spec.jobTemplate.spec.template.spec.initContainers.*.env.*	value,valueFrom		
exclusive	batch/v1/CronJob	spec.jobTemplate.spec.template.spec.initContainers.*.env.*.valueFrom	configMapKeyRef,fieldRef,fileKeyRef,resourceFieldRef,secretKeyRef		
exclusive	batch/v1/CronJob	spec.jobTemplate.spec.template.spec.initContainers.*.lifecycle.postStart	exec,grpc,httpGet,tcpSocket		
exclusive	batch/v1/CronJob	spec.jobTemplate.spec.template.spec.initContainers.*.lifecycle.preStop	exec,grpc,httpGet,tcpSocket		
exclusive	batch/v1/CronJob	spec.jobTemplate.spec.template.spec.initContainers.*.livenessProbe	exec,grpc,httpGet,tcpSocket		
exclusive	batch/v1/CronJob	spec.jobTemplate.spec.template.spec.initContainers.*.readinessProbe	exec,grpc,httpGet,tcpSocket		
exclusive	batch/v1/CronJob	spec.jobTemplate.spec.template.spec.initContainers.*.startupProbe	exec,grpc,httpGet,tcpSocket		
exclusive	batch/v1/CronJob	spec.jobTemplate.spec.template.spec.resourceClaims.*	resourceClaimName,resourceClaimTemplateName		
exclusive	batch/v1/CronJob	spec.jobTemplate.spec.template.spec.volumes.*	awsElasticBlockStore,azureDisk,azureFile,cephfs,cinder,configMap,csi,downwardAPI,emptyDir,ephemeral,fc,flexVolume,flocker,gcePersistentDisk,gitRepo,glusterfs,hostPath,image,iscsi,nfs,persistentVolumeClaim,photonPersistentDisk,portworxVolume,projected,quobyte,rbd,scaleIO,secret,storageos,vsphereVolume		
exclusive	batch/v1/Job	spec.template.spec.containers.*.env.*	value,valueFrom		
exclusive	batch/v1/Job	spec.template.spec.containers.*.env.*.valueFrom	configMapKeyRef,fieldRef,fileKeyRef,resourceFieldRef,secretKeyRef		
exclusive	batch/v1/Job	spec.template.spec.containers.*.lifecycle.postStart	exec,grpc,httpGet,tcpSocket		
exclusive	batch/v1/Job	spec.template.spec.containers.*.lifecycle.preStop	exec,grpc,httpGet,tcpSocket		
exclusive	batch/v1/Job	spec.template.spec.containers.*.livenessProbe	exec,grpc,httpGet,tcpSocket		
exclusive	batch/v1/Job	spec.template.spec.containers.*.readinessProbe	exec,grpc,httpGet,tcpSocket		
exclusive	batch/v1/Job	spec.template.spec.containers.*.startupProbe	exec,grpc,httpGet,tcpSocket		
exclusive	batch/v1/Job	spec.template.spec.ephemeralContainers.*.env.*	value,valueFrom		
exclusive	batch/v1/Job	spec.template.spec.ephemeralContainers.*.env.*.valueFrom	configMapKeyRef,fieldRef,fileKeyRef,resourceFieldRef,secretKeyRef		
exclusive	batch/v1/Job	spec.template.spec.ephemeralContainers.*.lifecycle.postStart	exec,grpc,httpGet,tcpSocket		
exclusive	batch/v1/Job	spec.template.spec.ephemeralContainers.*.lifecycle.preStop	exec,grpc,httpGet,tcpSocket		
exclusive	batch/v1/Job	spec.template.spec.ephemeralContainers.*.livenessProbe	exec,grpc,httpGet,tcpSocket		
exclusive	batch/v1/Job	spec.template.spec.ephemeralContainers.*.readinessProbe	exec,grpc,httpGet,tcpSocket		
exclusive	batch/v1/Job	spec.template.spec.ephemeralContainers.*.startupProbe	exec,grpc,httpGet,tcpSocket		
exclusive	batch/v1/Job	spec.template.spec.initContainers.*.env.*	value,valueFrom		
exclusive	batch/v1/Job	spec.template.spec.initContainers.*.env.*.valueFrom	configMapKeyRef,fieldRef,fileKeyRef,resourceFieldRef,secretKeyRef		
exclusive	batch/v1/Job	spec.template.spec.initContainers.*.lifecycle.postStart	exec,grpc,httpGet,tcpSocket		
exclusive	batch/v1/Job	spec.template.spec.initContainers.*.lifecycle.preStop	exec,grpc,httpGet,tcpSocket		
exclusive	batch/v1/Job	spec.template.spec.initContainers.*.livenessProbe	exec,grpc,httpGet,tcpSocket		
exclusive	batch/v1/Job	spec.template.spec.initContainers.*.readinessProbe	exec,grpc,httpGet,tcpSocket		
exclusive	batch/v1/Job	spec.template.spec.initContainers.*.startupProbe	exec,grpc,httpGet,tcpSocket		
exclusive	batch/v1/Job	spec.template.spec.resourceClaims.*	resourceClaimName,resourceClaimTemplateName		
exclusive	batch/v1/Job	spec.template.spec.volumes.*	awsElasticBlockStore,azureDisk,azureFile,cephfs,cinder,configMap,csi,downwardAPI,emptyDir,ephemeral,fc,flexVolume,flocker,gcePersistentDisk,gitRepo,glusterfs,hostPath,image,iscsi,nfs,persistentVolumeClaim,photonPersistentDisk,portworxVolume,projected,quobyte,rbd,scaleIO,secret,storageos,vsphereVolume		
exclusive	serving.knative.dev/v1/Service	spec.template.spec.containers.*.env.*	value,valueFrom		
exclusive	serving.knative.dev/v1/Service	spec.template.spec.containers.*.env.*.valueFrom	configMapKeyRef,fieldRef,fileKeyRef,resourceFieldRef,secretKeyRef		
exclusive	serving.knative.dev/v1/Service	spec.template.spec.containers.*.lifecycle.postStart	exec,grpc,httpGet,tcpSocket		
exclusive	serving.knative.dev/v1/Service	spec.template.spec.containers.*.lifecycle.preStop	exec,grpc,httpGet,tcpSocket		
exclusive	serving.knative.dev/v1/Service	spec.template.spec.containers.*.livenessProbe	exec,grpc,httpGet,tcpSocket		
exclusive	serving.knative.dev/v1/Service	spec.template.spec.containers.*.readinessProbe	exec,grpc,httpGet,tcpSocket		
exclusive	serving.knative.dev/v1/Service	spec.template.spec.containers.*.startupProbe	exec,grpc,httpGet,tcpSocket		
exclusive	serving.knative.dev/v1/Service	spec.template.spec.ephemeralContainers.*.env.*	value,valueFrom		
exclusive	serving.knative.dev/v1/Service	spec.template.spec.ephemeralContainers.*.env.*.valueFrom	configMapKeyRef,fieldRef,fileKeyRef,resourceFieldRef,secretKeyRef		
exclusive	serving.knative.dev/v1/Service	spec.template.spec.ephemeralContainers.*.lifecycle.postStart	exec,grpc,httpGet,tcpSocket		
exclusive	serving.knative.dev/v1/Service	spec.template.spec.ephemeralContainers.*.lifecycle.preStop	exec,grpc,httpGet,tcpSocket		
exclusive	serving.knative.dev/v1/Service	spec.template.spec.ephemeralContainers.*.livenessProbe	exec,grpc,httpGet,tcpSocket		
exclusive	serving.knative.dev/v1/Service	spec.template.spec.ephemeralContainers.*.readinessProbe	exec,grpc,httpGet,tcpSocket		
exclusive	serving.knative.dev/v1/Service	spec.template.spec.ephemeralContainers.*.startupProbe	exec,grpc,httpGet,tcpSocket		
exclusive	serving.knative.dev/v1/Service	spec.template.spec.initContainers.*.env.*	value,valueFrom		
exclusive	serving.knative.dev/v1/Service	spec.template.spec.initContainers.*.env.*.valueFrom	configMapKeyRef,fieldRef,fileKeyRef,resourceFieldRef,secretKeyRef		
exclusive	serving.knative.dev/v1/Service	spec.template.spec.initContainers.*.lifecycle.postStart	exec,grpc,httpGet,tcpSocket		
exclusive	serving.knative.dev/v1/Service	spec.template.spec.initContainers.*.lifecycle.preStop	exec,grpc,httpGet,tcpSocket		
exclusive	serving.knative.dev/v1/Service	spec.template.spec.initContainers.*.livenessProbe	exec,grpc,httpGet,tcpSocket		
exclusive	serving.knative.dev/v1/Service	spec.template.spec.initContainers.*.readinessProbe	exec,grpc,httpGet,tcpSocket		
exclusive	serving.knative.dev/v1/Service	spec.template.spec.initContainers.*.startupProbe	exec,grpc,httpGet,tcpSocket		
exclusive	serving.knative.dev/v1/Service	spec.template.spec.resourceClaims.*	resourceClaimName,resourceClaimTemplateName		
exclusive	serving.knative.dev/v1/Service	spec.template.spec.volumes.*	awsElasticBlockStore,azureDisk,azureFile,cephfs,cinder,configMap,csi,downwardAPI,emptyDir,ephemeral,fc,flexVolume,flocker,gcePersistentDisk,gitRepo,glusterfs,hostPath,image,iscsi,nfs,persistentVolumeClaim,photonPersistentDisk,portworxVolume,projected,quobyte,rbd,scaleIO,secret,storageos,vsphereVolume		
exclusive	v1/PersistentVolume	spec	awsElasticBlockStore,azureDisk,azureFile,cephfs,cinder,configMap,csi,downwardAPI,emptyDir,ephemeral,fc,flexVolume,flocker,gcePersistentDisk,gitRepo,glusterfs,hostPath,image,iscsi,nfs,persistentVolumeClaim,photonPersistentDisk,portworxVolume,projected,quobyte,rbd,scaleIO,secret,storageos,vsphereVolume		
exclusive	v1/Pod	spec.containers.*.env.*	value,valueFrom		
exclusive	v1/Pod	spec.containers.*.env.*.valueFrom	configMapKeyRef,fieldRef,fileKeyRef,resourceFieldRef,secretKeyRef		
exclusive	v1/Pod	spec.containers.*.lifecycle.postStart	exec,grpc,httpGet,tcpSocket		
exclusive	v1/Pod	spec.containers.*.lifecycle.preStop	exec,grpc,httpGet,tcpSocket		
exclusive	v1/Pod	spec.containers.*.livenessProbe	exec,grpc,httpGet,tcpSocket		
exclusive	v1/Pod	spec.containers.*.readinessProbe	exec,grpc,httpGet,tcpSocket		
exclusive	v1/Pod	spec.containers.*.startupProbe	exec,grpc,httpGet,tcpSocket		
exclusive	v1/Pod	spec.ephemeralContainers.*.env.*	value,valueFrom		
exclusive	v1/Pod	spec.ephemeralContainers.*.env.*.valueFrom	configMapKeyRef,fieldRef,fileKeyRef,resourceFieldRef,secretKeyRef		
exclusive	v1/Pod	spec.ephemeralContainers.*.lifecycle.postStart	exec,grpc,httpGet,tcpSocket		
exclusive	v1/Pod	spec.ephemeralContainers.*.lifecycle.preStop	exec,grpc,httpGet,tcpSocket		
exclusive	v1/Pod	spec.ephemeralContainers.*.livenessProbe	exec,grpc,httpGet,tcpSocket		
exclusive	v1/Pod	spec.ephemeralContainers.*.readinessProbe	exec,grpc,httpGet,tcpSocket		
exclusive	v1/Pod	spec.ephemeralContainers.*.startupProbe	exec,grpc,httpGet,tcpSocket		
exclusive	v1/Pod	spec.initContainers.*.env.*	value,valueFrom		
exclusive	v1/Pod	spec.initContainers.*.env.*.valueFrom	configMapKeyRef,fieldRef,fileKeyRef,resourceFieldRef,secretKeyRef		
exclusive	v1/Pod	spec.initContainers.*.lifecycle.postStart	exec,grpc,httpGet,tcpSocket		
exclusive	v1/Pod	spec.initContainers.*.lifecycle.preStop	exec,grpc,httpGet,tcpSocket		
exclusive	v1/Pod	spec.initContainers.*.livenessProbe	exec,grpc,httpGet,tcpSocket		
exclusive	v1/Pod	spec.initContainers.*.readinessProbe	exec,grpc,httpGet,tcpSocket		
exclusive	v1/Pod	spec.initContainers.*.startupProbe	exec,grpc,httpGet,tcpSocket		
exclusive	v1/Pod	spec.resourceClaims.*	resourceClaimName,resourceClaimTemplateName		
exclusive	v1/Pod	spec.volumes.*	awsElasticBlockStore,azureDisk,azureFile,cephfs,cinder,configMap,csi,downwardAPI,emptyDir,ephemeral,fc,flexVolume,flocker,gcePersistentDisk,gitRepo,glusterfs,hostPath,image,iscsi,nfs,persistentVolumeClaim,photonPersistentDisk,portworxVolume,projected,quobyte,rbd,scaleIO,secret,storageos,vsphereVolume		
exclusive	v1/PodTemplate	template.spec.containers.*.env.*	value,valueFrom		
exclusive	v1/PodTemplate	template.spec.containers.*.env.*.valueFrom	configMapKeyRef,fieldRef,fileKeyRef,resourceFieldRef,secretKeyRef		
exclusive	v1/PodTemplate	template.spec.containers.*.lifecycle.postStart	exec,grpc,httpGet,tcpSocket		
exclusive	v1/PodTemplate	template.spec.containers.*.lifecycle.preStop	exec,grpc,httpGet,tcpSocket		
exclusive	v1/PodTemplate	template.spec.containers.*.livenessProbe	exec,grpc,httpGet,tcpSocket		
exclusive	v1/PodTemplate	template.spec.containers.*.readinessProbe	exec,grpc,httpGet,tcpSocket		
exclusive	v1/PodTemplate	template.spec.containers.*.startupProbe	exec,grpc,httpGet,tcpSocket		
exclusive	v1/PodTemplate	template.spec.ephemeralContainers.*.env.*	value,valueFrom		
exclusive	v1/PodTemplate	template.spec.ephemeralContainers.*.env.*.valueFrom	configMapKeyRef,fieldRef,fileKeyRef,resourceFieldRef,secretKeyRef		
exclusive	v1/PodTemplate	template.spec.ephemeralContainers.*.lifecycle.postStart	exec,grpc,httpGet,tcpSocket		
exclusive	v1/PodTemplate	template.spec.ephemeralContainers.*.lifecycle.preStop	exec,grpc,httpGet,tcpSocket		
exclusive	v1/PodTemplate	template.spec.ephemeralContainers.*.livenessProbe	exec,grpc,httpGet,tcpSocket		
exclusive	v1/PodTemplate	template.spec.ephemeralContainers.*.readinessProbe	exec,grpc,httpGet,tcpSocket		
exclusive	v1/PodTemplate	template.spec.ephemeralContainers.*.startupProbe	exec,grpc,httpGet,tcpSocket		
exclusive	v1/PodTemplate	template.spec.initContainers.*.env.*	value,valueFrom		
exclusive	v1/PodTemplate	template.spec.initContainers.*.env.*.valueFrom	configMapKeyRef,fieldRef,fileKeyRef,resourceFieldRef,secretKeyRef		
exclusive	v1/PodTemplate	template.spec.initContainers.*.lifecycle.postStart	exec,grpc,httpGet,tcpSocket		
exclusive	v1/PodTemplate	template.spec.initContainers.*.lifecycle.preStop	exec,grpc,httpGet,tcpSocket		
exclusive	v1/PodTemplate	template.spec.initContainers.*.livenessProbe	exec,grpc,httpGet,tcpSocket		
exclusive	v1/PodTemplate	template.spec.initContainers.*.readinessProbe	exec,grpc,httpGet,tcpSocket		
exclusive	v1/PodTemplate	template.spec.initContainers.*.startupProbe	exec,grpc,httpGet,tcpSocket		
exclusive	v1/PodTemplate	template.spec.resourceClaims.*	resourceClaimName,resourceClaimTemplateName		
exclusive	v1/PodTemplate	template.spec.volumes.*	awsElasticBlockStore,azureDisk,azureFile,cephfs,cinder,configMap,csi,downwardAPI,emptyDir,ephemeral,fc,flexVolume,flocker,gcePersistentDisk,gitRepo,glusterfs,hostPath,image,iscsi,nfs,persistentVolumeClaim,photonPersistentDisk,portworxVolume,projected,quobyte,rbd,scaleIO,secret,storageos,vsphereVolume		
exclusive	v1/ReplicationController	spec.template.spec.containers.*.env.*	value,valueFrom		
exclusive	v1/ReplicationController	spec.template.spec.containers.*.env.*.valueFrom	configMapKeyRef,fieldRef,fileKeyRef,resourceFieldRef,secretKeyRef		
exclusive	v1/ReplicationController	spec.template.spec.containers.*.lifecycle.postStart	exec,grpc,httpGet,tcpSocket		
exclusive	v1/ReplicationController	spec.template.spec.containers.*.lifecycle.preStop	exec,grpc,httpGet,tcpSocket		
exclusive	v1/ReplicationController	spec.template.spec.containers.*.livenessProbe	exec,grpc,httpGet,tcpSocket		
exclusive	v1/ReplicationController	spec.template.spec.containers.*.readinessProbe	exec,grpc,httpGet,tcpSocket		
exclusive	v1/ReplicationController	spec.template.spec.containers.*.startupProbe	exec,grpc,httpGet,tcpSocket		
exclusive	v1/ReplicationController	spec.template.spec.ephemeralContainers.*.env.*	value,valueFrom		
exclusive	v1/ReplicationController	spec.template.spec.ephemeralContainers.*.env.*.valueFrom	configMapKeyRef,fieldRef,fileKeyRef,resourceFieldRef,secretKeyRef		
exclusive	v1/ReplicationController	spec.template.spec.ephemeralContainers.*.lifecycle.postStart	exec,grpc,httpGet,tcpSocket		
exclusive	v1/ReplicationController	spec.template.spec.ephemeralContainers.*.lifecycle.preStop	exec,grpc,httpGet,tcpSocket		
exclusive	v1/ReplicationController	spec.template.spec.ephemeralContainers.*.livenessProbe	exec,grpc,httpGet,tcpSocket		
exclusive	v1/ReplicationController	spec.template.spec.ephemeralContainers.*.readinessProbe	exec,grpc,httpGet,tcpSocket		
exclusive	v1/ReplicationController	spec.template.spec.ephemeralContainers.*.startupProbe	exec,grpc,httpGet,tcpSocket		
exclusive	v1/ReplicationController	spec.template.spec.initContainers.*.env.*	value,valueFrom		
exclusive	v1/ReplicationController	spec.template.spec.initContainers.*.env.*.valueFrom	configMapKeyRef,fieldRef,fileKeyRef,resourceFieldRef,secretKeyRef		
exclusive	v1/ReplicationController	spec.template.spec.initContainers.*.lifecycle.postStart	exec,grpc,httpGet,tcpSocket		
exclusive	v1/ReplicationController	spec.template.spec.initContainers.*.lifecycle.preStop	exec,grpc,httpGet,tcpSocket		
exclusive	v1/ReplicationController	spec.template.spec.initContainers.*.livenessProbe	exec,grpc,httpGet,tcpSocket		
exclusive	v1/ReplicationController	spec.template.spec.initContainers.*.readinessProbe	exec,grpc,httpGet,tcpSocket		
exclusive	v1/ReplicationController	spec.template.spec.initContainers.*.startupProbe	exec,grpc,httpGet,tcpSocket		
exclusive	v1/ReplicationController	spec.template.spec.resourceClaims.*	resourceClaimName,resourceClaimTemplateName		
exclusive	v1/ReplicationController	spec.template.spec.volumes.*	awsElasticBlockStore,azureDisk,azureFile,cephfs,cinder,configMap,csi,downwardAPI,emptyDir,ephemeral,fc,flexVolume,flocker,gcePersistentDisk,gitRepo,glusterfs,hostPath,image,iscsi,nfs,persistentVolumeClaim,photonPersistentDisk,portworxVolume,projected,quobyte,rbd,scaleIO,secret,storageos,vsphereVolume		

# map-key paths: resourceType	path
mapKey	*	metadata.annotations.*
mapKey	*	metadata.labels.*
mapKey	*	spec.selector.matchLabels.*
mapKey	actions.github.com/v1alpha1/AutoscalingListener	spec.configSecretMetadata.annotations.*
mapKey	actions.github.com/v1alpha1/AutoscalingListener	spec.configSecretMetadata.labels.*
mapKey	actions.github.com/v1alpha1/AutoscalingListener	spec.metrics.counters.*
mapKey	actions.github.com/v1alpha1/AutoscalingListener	spec.metrics.gauges.*
mapKey	actions.github.com/v1alpha1/AutoscalingListener	spec.metrics.histograms.*
mapKey	actions.github.com/v1alpha1/AutoscalingListener	spec.roleBindingMetadata.annotations.*
mapKey	actions.github.com/v1alpha1/AutoscalingListener	spec.roleBindingMetadata.labels.*
mapKey	actions.github.com/v1alpha1/AutoscalingListener	spec.roleMetadata.annotations.*
mapKey	actions.github.com/v1alpha1/AutoscalingListener	spec.roleMetadata.labels.*
mapKey	actions.github.com/v1alpha1/AutoscalingListener	spec.serviceAccountMetadata.annotations.*
mapKey	actions.github.com/v1alpha1/AutoscalingListener	spec.serviceAccountMetadata.labels.*
mapKey	actions.github.com/v1alpha1/AutoscalingListener	spec.template.metadata.annotations.*
mapKey	actions.github.com/v1alpha1/AutoscalingListener	spec.template.metadata.labels.*
mapKey	actions.github.com/v1alpha1/AutoscalingRunnerSet	spec.autoscalingListener.annotations.*
mapKey	actions.github.com/v1alpha1/AutoscalingRunnerSet	spec.autoscalingListener.labels.*
mapKey	actions.github.com/v1alpha1/AutoscalingRunnerSet	spec.ephemeralRunnerConfigSecretMetadata.annotations.*
mapKey	actions.github.com/v1alpha1/AutoscalingRunnerSet	spec.ephemeralRunnerConfigSecretMetadata.labels.*
mapKey	actions.github.com/v1alpha1/AutoscalingRunnerSet	spec.ephemeralRunnerMetadata.annotations.*
mapKey	actions.github.com/v1alpha1/AutoscalingRunnerSet	spec.ephemeralRunnerMetadata.labels.*
mapKey	actions.github.com/v1alpha1/AutoscalingRunnerSet	spec.ephemeralRunnerSetMetadata.annotations.*
mapKey	actions.github.com/v1alpha1/AutoscalingRunnerSet	spec.ephemeralRunnerSetMetadata.labels.*
mapKey	actions.github.com/v1alpha1/AutoscalingRunnerSet	spec.listenerConfigSecretMetadata.annotations.*
mapKey	actions.github.com/v1alpha1/AutoscalingRunnerSet	spec.listenerConfigSecretMetadata.labels.*
mapKey	actions.github.com/v1alpha1/AutoscalingRunnerSet	spec.listenerMetrics.counters.*
mapKey	actions.github.com/v1alpha1/AutoscalingRunnerSet	spec.listenerMetrics.gauges.*
mapKey	actions.github.com/v1alpha1/AutoscalingRunnerSet	spec.listenerMetrics.histograms.*
mapKey	actions.github.com/v1alpha1/AutoscalingRunnerSet	spec.listenerRoleBindingMetadata.annotations.*
mapKey	actions.github.com/v1alpha1/AutoscalingRunnerSet	spec.listenerRoleBindingMetadata.labels.*
mapKey	actions.github.com/v1alpha1/AutoscalingRunnerSet	spec.listenerRoleMetadata.annotations.*
mapKey	actions.github.com/v1alpha1/AutoscalingRunnerSet	spec.listenerRoleMetadata.labels.*
mapKey	actions.github.com/v1alpha1/AutoscalingRunnerSet	spec.listenerServiceAccountMetadata.annotations.*
mapKey	actions.github.com/v1alpha1/AutoscalingRunnerSet	spec.listenerServiceAccountMetadata.labels.*
mapKey	actions.github.com/v1alpha1/AutoscalingRunnerSet	spec.listenerTemplate.metadata.annotations.*
mapKey	actions.github.com/v1alpha1/AutoscalingRunnerSet	spec.listenerTemplate.metadata.labels.*
mapKey	actions.github.com/v1alpha1/AutoscalingRunnerSet	spec.template.metadata.annotations.*
mapKey	actions.github.com/v1alpha1/AutoscalingRunnerSet	spec.template.metadata.labels.*
mapKey	apps/v1/DaemonSet	spec.template.metadata.annotations.*
mapKey	apps/v1/DaemonSet	spec.template.metadata.labels.*
mapKey	apps/v1/Deployment	spec.template.metadata.annotations.*
mapKey	apps/v1/Deployment	spec.template.metadata.labels.*
mapKey	apps/v1/ReplicaSet	spec.template.metadata.annotations.*
mapKey	apps/v1/ReplicaSet	spec.template.metadata.labels.*
mapKey	apps/v1/StatefulSet	spec.template.metadata.annotations.*
mapKey	apps/v1/StatefulSet	spec.template.metadata.labels.*
mapKey	argoproj.io/v1alpha1/Rollout	spec.template.metadata.annotations.*
mapKey	argoproj.io/v1alpha1/Rollout	spec.template.metadata.labels.*
mapKey	batch/v1/CronJob	spec.jobTemplate.spec.template.metadata.annotations.*
mapKey	batch/v1/CronJob	spec.jobTemplate.spec.template.metadata.labels.*
mapKey	batch/v1/Job	spec.template.metadata.annotations.*
mapKey	batch/v1/Job	spec.template.metadata.labels.*
mapKey	eks.services.k8s.aws/v1alpha1/Capability	spec.tags.*
mapKey	elbv2.services.k8s.aws/v1alpha1/Listener	spec.defaultActions.*.authenticateCognitoConfig.authenticationRequestExtraParams.*
mapKey	elbv2.services.k8s.aws/v1alpha1/Listener	spec.defaultActions.*.authenticateOIDCConfig.authenticationRequestExtraParams.*
mapKey	elbv2.services.k8s.aws/v1alpha1/Rule	spec.actions.*.authenticateCognitoConfig.authenticationRequestExtraParams.*
mapKey	elbv2.services.k8s.aws/v1alpha1/Rule	spec.actions.*.authenticateOIDCConfig.authenticationRequestExtraParams.*
mapKey	hub.traefik.io/v1alpha1/AccessControlPolicy	spec.apiKey.forwardHeaders.*
mapKey	hub.traefik.io/v1alpha1/AccessControlPolicy	spec.apiKey.keys.*.metadata.*
mapKey	hub.traefik.io/v1alpha1/AccessControlPolicy	spec.jwt.forwardHeaders.*
mapKey	hub.traefik.io/v1alpha1/AccessControlPolicy	spec.oAuthIntro.clientConfig.headers.*
mapKey	hub.traefik.io/v1alpha1/AccessControlPolicy	spec.oAuthIntro.forwardHeaders.*
mapKey	hub.traefik.io/v1alpha1/AccessControlPolicy	spec.oidc.authParams.*
mapKey	hub.traefik.io/v1alpha1/AccessControlPolicy	spec.oidc.forwardHeaders.*
mapKey	hub.traefik.io/v1alpha1/AccessControlPolicy	spec.oidcGoogle.authParams.*
mapKey	hub.traefik.io/v1alpha1/AccessControlPolicy	spec.oidcGoogle.forwardHeaders.*
mapKey	serving.knative.dev/v1/Service	spec.template.metadata.annotations.*
mapKey	serving.knative.dev/v1/Service	spec.template.metadata.labels.*
mapKey	v1/PodTemplate	template.metadata.annotations.*
mapKey	v1/PodTemplate	template.metadata.labels.*
mapKey	v1/ReplicationController	spec.template.metadata.annotations.*
mapKey	v1/ReplicationController	spec.template.metadata.labels.*
